// Vitest Snapshot v1, https://vitest.dev/guide/snapshot.html

exports[`QBank question shape & assets > stable top-level keys (snapshot) 1`] = `[]`;
